933fac5 (HEAD -> main) 日本語訳を追記
4372b35 hello_world.txtを追加

PS C:\Users\tmfya\OneDrive\デスクトップ\terakoya用\git_challenge> git init
Initialized empty Git repository in C:/Users/tmfya/OneDrive/デスクトップ/terakoya用/git_challenge/.git/
PS C:\Users\tmfya\OneDrive\デスクトップ\terakoya用\git_challenge> git add .
PS C:\Users\tmfya\OneDrive\デスクトップ\terakoya用\git_challenge> git commit -m hello_world.txtを追加
[main 4372b35] hello_world.txtを追加
 1 file changed, 1 insertion(+)
 create mode 100644 git_challenge/hello_world.txt
PS C:\Users\tmfya\OneDrive\デスクトップ\terakoya用\git_challenge> git add .
PS C:\Users\tmfya\OneDrive\デスクトップ\terakoya用\git_challenge> git commit -m 日本語訳を追記       
[main 933fac5] 日本語訳を追記
 1 file changed, 1 insertion(+)
PS C:\Users\tmfya\OneDrive\デスクトップ\terakoya用\git_challenge> git log --oneline
933fac5 (HEAD -> main) 日本語訳を追記
4372b35 hello_world.txtを追加
